// Jest Snapshot v1, https://goo.gl/fbAQLP

exports[`FIT golden file output matches golden snapshot 1`] = `"DiC5COwBAAAuRklUMqBAAAAAAAYAAQABAoQCAoQDBIYEBIYIBgcABP8AAQCgbstDoG7LQ1ZlbG9xAEUAABcABv0EhgIChAMChAQChAABABsGBwWgbstD/wABAAMAAFZlbG9xAEYAABUAA/0EhgABAAEBAAagbstDAABBAAAUAAv9BIYABIUBBIUCAoROBIYDAQAEAQAFBIYGAoRJBIYHAoQBoG7LQ2GfYiFbr0sFUBRQFAAAeFUAAAAATB1MHQAAtAABpW7LQ/zNYiH13UsFWhRaFAAAh1igDwAAQB9AHwAA3AABqm7LQ5b8YiGQDEwFaRRpFAAAllw6IAAANCE0IQAABAEBr27LQzErYyEqO0wFXxRfFAAAkVo+MAAACCAIIAAA8AABtG7LQ8tZYyHFaUwFVRRVFAAAglZ6PwAAeB54HgAAyAAGtG7LQwAEQgAAEwAI/QSGAgSGBwSGCQSGDQKEDwEAEwKEEQEAQwAAEgAT/QSGAgSGBwSGCASGCQSGBQEABgEADgKEDwKEEAEAEQEAEgEAEwEAFAKEFQKEFgKEFwKEGQEAGgKEA7Ruy0OgbstDIE4AACBOAAB6PwAAAgC9HzQhiJZYXNwABAEFAAQAAAEARAAAIgAG/QSGAASGAQKEAgEAAwEABAEABLRuy0MgTgAAAQAAGgFw7g=="`;
